
Allocating common symbols
Common symbol       size              file

netbufpool          0x4               binaries/net.o
readylist           0x2               binaries/ready.o
rfltab              0x5a0             binaries/rflinit.o
netportseed         0x8               binaries/net.o
sleepq              0x2               binaries/clkinit.o
nnames              0x4               binaries/naminit.o
udptab              0x168             binaries/udp.o
minheap             0x4               binaries/meminit.o
marks               0x50              binaries/mark.o
currpid             0x4               binaries/initialize.o
Lf_data             0x20c             binaries/lfsinit.o
porttab             0x2d0             binaries/ptinit.o
girmask             0x2               binaries/evec.o
ttytab              0x110             binaries/ttyinit.o
proctab             0x1a90            binaries/initialize.o
prcount             0x4               binaries/initialize.o
lfltab              0xf00             binaries/lflinit.o
rdstab              0x8c              binaries/rdsinit.o
ethertab            0x130             binaries/ethinit.o
NetData             0xb0              binaries/net.o
nmarks              0x4               binaries/mark.o
initsp              0x4               binaries/i386.o
Defer               0x8               binaries/resched.o
semtab              0x4b0             binaries/initialize.o
maxheap             0x4               binaries/meminit.o
preempt             0x4               binaries/clkinit.o
buftab              0xf0              binaries/bufinit.o
Rf_data             0x18              binaries/rfsinit.o
mkmutex             0x4               binaries/mark.o
clktime             0x4               binaries/clkinit.o
arpcache            0x140             binaries/arp.o
icmptab             0x230             binaries/icmp.o
nbpools             0x4               binaries/bufinit.o
queuetab            0xac0             binaries/queue.o
ptnextid            0x4               binaries/ptinit.o
Ram                 0x19000           binaries/raminit.o
ipoqueue            0x2c              binaries/ip.o
memlist             0x8               binaries/initialize.o
nametab             0x19a0            binaries/naminit.o
ptfree              0x4               binaries/ptinit.o

Memory Configuration

Name             Origin             Length             Attributes
*default*        0x0000000000000000 0xffffffffffffffff

Linker script and memory map

                0x0000000000100000                physbase = 0x100000
                0x0000000000100000                . = physbase
                0x0000000000100000                . = ALIGN (0x1000)

.text           0x0000000000100000    0x1b000
                0x0000000000100000                text = ABSOLUTE (.)
 *(.text .text.*)
 .text          0x0000000000100000      0x165 binaries/start.o
                0x0000000000100020                entry
                0x000000000010003d                start
                0x00000000001000a5                inb
                0x00000000001000ad                inw
                0x00000000001000b6                inl
                0x00000000001000be                outb
                0x00000000001000c8                outw
                0x00000000001000d3                outl
                0x00000000001000dd                _rtcin
                0x00000000001000e8                ___udivsi3
                0x00000000001000f3                ___divsi3
                0x00000000001000ff                sbzero
                0x000000000010010f                bcopy
                0x0000000000100123                insw
                0x0000000000100139                outsw
                0x000000000010014f                lidt
                0x0000000000100157                jumptocode
                0x000000000010015e                jumptobootcode
 .text          0x0000000000100165      0x53f binaries/active_lock.o
                0x0000000000100165                detect_deadlock
                0x00000000001001f1                print_deadlock
                0x0000000000100332                al_park
                0x000000000010041a                al_unpark
                0x000000000010049f                al_setpark
                0x00000000001004c7                al_initlock
                0x000000000010052f                al_lock
                0x00000000001005c8                al_unlock
                0x000000000010064b                al_trylock
 .text          0x00000000001006a4      0x3e3 binaries/ascdate.o
                0x00000000001006a4                ascdate
 .text          0x0000000000100a87       0x14 binaries/bufinit.o
                0x0000000000100a87                bufinit
 .text          0x0000000000100a9b       0x8d binaries/chprio.o
                0x0000000000100a9b                chprio
 .text          0x0000000000100b28       0xf2 binaries/clkhandler.o
                0x0000000000100b28                clkhandler
 .text          0x0000000000100c1a       0x88 binaries/clkinit.o
                0x0000000000100c1a                clkinit
 .text          0x0000000000100ca2       0x75 binaries/close.o
                0x0000000000100ca2                close
 .text          0x0000000000100d17        0x0 binaries/conf.o
 .text          0x0000000000100d17       0x7b binaries/control.o
                0x0000000000100d17                control
 .text          0x0000000000100d92      0x2cd binaries/create.o
                0x0000000000100d92                create
 .text          0x000000000010105f      0x355 binaries/evec.o
                0x000000000010105f                initevec
                0x00000000001010b6                set_evec
                0x0000000000101158                trap
 .text          0x00000000001013b4       0x19 binaries/exit.o
                0x00000000001013b4                exit
 .text          0x00000000001013cd       0x8c binaries/freebuf.o
                0x00000000001013cd                freebuf
 .text          0x0000000000101459      0x172 binaries/freemem.o
                0x0000000000101459                freemem
 .text          0x00000000001015cb       0x8a binaries/getbuf.o
                0x00000000001015cb                getbuf
 .text          0x0000000000101655       0x75 binaries/getc.o
                0x0000000000101655                getc
 .text          0x00000000001016ca       0x74 binaries/getdev.o
                0x00000000001016ca                getdev
 .text          0x000000000010173e       0xd0 binaries/getitem.o
                0x000000000010173e                getfirst
                0x0000000000101783                getlast
                0x00000000001017ca                getitem
 .text          0x000000000010180e      0x10a binaries/getmem.o
                0x000000000010180e                getmem
 .text          0x0000000000101918        0xa binaries/getpid.o
                0x0000000000101918                getpid
 .text          0x0000000000101922       0x75 binaries/getprio.o
                0x0000000000101922                getprio
 .text          0x0000000000101997       0xfb binaries/getstk.o
                0x0000000000101997                getstk
 .text          0x0000000000101a92       0x16 binaries/getticks.o
                0x0000000000101a92                getticks
 .text          0x0000000000101aa8       0x3a binaries/gettime.o
                0x0000000000101aa8                gettime
 .text          0x0000000000101ae2      0x1e0 binaries/getutime.o
                0x0000000000101ae2                getutime
 .text          0x0000000000101cc2      0x3c5 binaries/i386.o
                0x0000000000101cc2                setsegs
                0x0000000000101dd4                init8259
                0x0000000000101e86                pseg
                0x000000000010202e                setirmask
 .text          0x0000000000102087       0x75 binaries/init.o
                0x0000000000102087                init
 .text          0x00000000001020fc      0x3c5 binaries/initialize.o
                0x00000000001020fc                nulluser
                0x0000000000102468                stop
                0x0000000000102493                delay
 .text          0x00000000001024c1       0xda binaries/insert.o
                0x00000000001024c1                insert
 .text          0x000000000010259b      0x10c binaries/insertd.o
                0x000000000010259b                insertd
 .text          0x00000000001026a7        0xa binaries/ioerr.o
                0x00000000001026a7                ioerr
 .text          0x00000000001026b1        0xa binaries/ionull.o
                0x00000000001026b1                ionull
 .text          0x00000000001026bb      0x196 binaries/kill.o
                0x00000000001026bb                kill
 .text          0x0000000000102851      0x203 binaries/kprintf.o
                0x0000000000102851                kputc
                0x00000000001028e4                kgetc
                0x0000000000102975                kprintf
                0x000000000010299f                sync_printf
 .text          0x0000000000102a54      0x2c9 binaries/lock.o
                0x0000000000102a54                print_list
                0x0000000000102aa5                park
                0x0000000000102b41                unpark
                0x0000000000102bac                setpark
                0x0000000000102bd4                initlock
                0x0000000000102c25                lock
                0x0000000000102cab                unlock
 .text          0x0000000000102d1d      0x284 binaries/main.o
                0x0000000000102d1d                get_timestamp
                0x0000000000102d27                run_for_ms
                0x0000000000102d6d                p_spinlock
                0x0000000000102db8                p_lock
                0x0000000000102e03                main
 .text          0x0000000000102fa1        0x0 binaries/main-deadlock.o
 .text          0x0000000000102fa1       0xb5 binaries/mark.o
                0x0000000000102fa1                markinit
                0x0000000000102fc5                mark
 .text          0x0000000000103056       0xcc binaries/meminit.o
                0x0000000000103056                meminit
 .text          0x0000000000103122      0x174 binaries/mkbufpool.o
                0x0000000000103122                mkbufpool
 .text          0x0000000000103296       0x94 binaries/newqueue.o
                0x0000000000103296                newqueue
 .text          0x000000000010332a       0x7b binaries/open.o
                0x000000000010332a                open
 .text          0x00000000001033a5       0x20 binaries/panic.o
                0x00000000001033a5                panic
 .text          0x00000000001033c5      0x489 binaries/pci.o
                0x00000000001033c5                pci_init
                0x0000000000103682                find_pci_device
                0x00000000001036d0                pci_bios_read_config_byte
                0x000000000010370f                pci_bios_read_config_word
                0x0000000000103751                pci_bios_read_config_dword
                0x0000000000103790                pci_bios_write_config_byte
                0x00000000001037d1                pci_bios_write_config_word
                0x0000000000103813                pci_bios_write_config_dword
 .text          0x000000000010384e      0x434 binaries/pi_lock.o
                0x000000000010384e                priority_boost
                0x000000000010394d                pi_park
                0x0000000000103a1d                pi_unpark
                0x0000000000103aa2                pi_setpark
                0x0000000000103aca                pi_initlock
                0x0000000000103b32                pi_lock
                0x0000000000103bcb                pi_unlock
 .text          0x0000000000103c82       0xf1 binaries/ptclear.o
                0x0000000000103c82                _ptclear
 .text          0x0000000000103d73       0x9d binaries/ptcount.o
                0x0000000000103d73                ptcount
 .text          0x0000000000103e10      0x116 binaries/ptcreate.o
                0x0000000000103e10                ptcreate
 .text          0x0000000000103f26       0x7f binaries/ptdelete.o
                0x0000000000103f26                ptdelete
 .text          0x0000000000103fa5       0xbf binaries/ptinit.o
                0x0000000000103fa5                ptinit
 .text          0x0000000000104064      0x11b binaries/ptrecv.o
                0x0000000000104064                ptrecv
 .text          0x000000000010417f       0x77 binaries/ptreset.o
                0x000000000010417f                ptreset
 .text          0x00000000001041f6      0x13d binaries/ptsend.o
                0x00000000001041f6                ptsend
 .text          0x0000000000104333       0x80 binaries/putc.o
                0x0000000000104333                putc
 .text          0x00000000001043b3      0x10d binaries/queue.o
                0x00000000001043b3                enqueue
                0x0000000000104453                dequeue
 .text          0x00000000001044c0       0x7b binaries/read.o
                0x00000000001044c0                read
 .text          0x000000000010453b       0x78 binaries/ready.o
                0x000000000010453b                ready
 .text          0x00000000001045b3       0x5f binaries/receive.o
                0x00000000001045b3                receive
 .text          0x0000000000104612       0x5b binaries/recvclr.o
                0x0000000000104612                recvclr
 .text          0x000000000010466d       0xba binaries/recvtime.o
                0x000000000010466d                recvtime
 .text          0x0000000000104727      0x166 binaries/resched.o
                0x0000000000104727                resched
                0x0000000000104818                resched_cntl
 .text          0x000000000010488d       0xaa binaries/resume.o
                0x000000000010488d                resume
 .text          0x0000000000104937       0x79 binaries/seek.o
                0x0000000000104937                seek
 .text          0x00000000001049b0       0x70 binaries/semcount.o
                0x00000000001049b0                semcount
 .text          0x0000000000104a20       0xd6 binaries/semcreate.o
                0x0000000000104a20                semcreate
 .text          0x0000000000104af6       0xcd binaries/semdelete.o
                0x0000000000104af6                semdelete
 .text          0x0000000000104bc3       0xcb binaries/semreset.o
                0x0000000000104bc3                semreset
 .text          0x0000000000104c8e       0xe4 binaries/send.o
                0x0000000000104c8e                send
 .text          0x0000000000104d72       0xa8 binaries/signal.o
                0x0000000000104d72                signal
 .text          0x0000000000104e1a       0xd6 binaries/signaln.o
                0x0000000000104e1a                signaln
 .text          0x0000000000104ef0       0xe9 binaries/sleep.o
                0x0000000000104ef0                sleep
                0x0000000000104f3e                sleepms
 .text          0x0000000000104fd9       0x66 binaries/spinlock.o
                0x0000000000104fd9                sl_initlock
                0x0000000000105008                sl_lock
                0x000000000010502c                sl_unlock
 .text          0x000000000010503f      0x18b binaries/stacktrace.o
                0x000000000010503f                stacktrace
 .text          0x00000000001051ca       0xe0 binaries/suspend.o
                0x00000000001051ca                suspend
 .text          0x00000000001052aa       0xe2 binaries/unsleep.o
                0x00000000001052aa                unsleep
 .text          0x000000000010538c       0x19 binaries/userret.o
                0x000000000010538c                userret
 .text          0x00000000001053a5       0xda binaries/wait.o
                0x00000000001053a5                wait
 .text          0x000000000010547f       0x72 binaries/wakeup.o
                0x000000000010547f                wakeup
 .text          0x00000000001054f1       0x7b binaries/write.o
                0x00000000001054f1                write
 .text          0x000000000010556c       0x1d binaries/xdone.o
                0x000000000010556c                xdone
 .text          0x0000000000105589       0x28 binaries/yield.o
                0x0000000000105589                yield
 .text          0x00000000001055b1       0x11 binaries/abs.o
                0x00000000001055b1                abs
 .text          0x00000000001055c2       0x8f binaries/atoi.o
                0x00000000001055c2                atoi
 .text          0x0000000000105651       0x8f binaries/atol.o
                0x0000000000105651                atol
 .text          0x00000000001056e0       0x31 binaries/bzero.o
                0x00000000001056e0                bzero
 .text          0x0000000000105711        0x0 binaries/ctype_.o
 .text          0x0000000000105711      0x8ed binaries/doprnt.o
                0x0000000000105711                _doprnt
 .text          0x0000000000105ffe      0x65c binaries/doscan.o
                0x0000000000105ffe                _doscan
 .text          0x000000000010665a      0x711 binaries/fdoprnt.o
                0x000000000010665a                _fdoprnt
 .text          0x0000000000106d6b       0x29 binaries/fgetc.o
                0x0000000000106d6b                fgetc
 .text          0x0000000000106d94       0x75 binaries/fgets.o
                0x0000000000106d94                fgets
 .text          0x0000000000106e09       0x2a binaries/fprintf.o
                0x0000000000106e09                fprintf
 .text          0x0000000000106e33       0x2c binaries/fputc.o
                0x0000000000106e33                fputc
 .text          0x0000000000106e5f       0x43 binaries/fputs.o
                0x0000000000106e5f                fputs
 .text          0x0000000000106ea2       0x8a binaries/fscanf.o
                0x0000000000106ea2                fscanf
 .text          0x0000000000106f2c       0x30 binaries/getchar.o
                0x0000000000106f2c                getchar
 .text          0x0000000000106f5c       0x11 binaries/labs.o
                0x0000000000106f5c                labs
 .text          0x0000000000106f6d        0x0 binaries/memchr.o
 .text          0x0000000000106f6d       0x51 binaries/memcmp.o
                0x0000000000106f6d                memcmp
 .text          0x0000000000106fbe       0x3f binaries/memcpy.o
                0x0000000000106fbe                memcpy
 .text          0x0000000000106ffd       0x30 binaries/memset.o
                0x0000000000106ffd                memset
 .text          0x000000000010702d       0x46 binaries/printf.o
                0x000000000010702d                printf
 .text          0x0000000000107073       0x33 binaries/putchar.o
                0x0000000000107073                putchar
 .text          0x00000000001070a6      0x27e binaries/qsort.o
                0x00000000001070a6                qsort
 .text          0x0000000000107324       0x63 binaries/rand.o
                0x0000000000107324                rand
                0x000000000010733c                rand_r
                0x000000000010737a                srand
 .text          0x0000000000107387       0x66 binaries/sprintf.o
                0x0000000000107387                sprintf
 .text          0x00000000001073ed       0x70 binaries/sscanf.o
                0x00000000001073ed                sscanf
 .text          0x000000000010745d       0x3c binaries/strchr.o
                0x000000000010745d                strchr
 .text          0x0000000000107499       0x45 binaries/strcmp.o
                0x0000000000107499                strcmp
 .text          0x00000000001074de       0x27 binaries/strcpy.o
                0x00000000001074de                strcpy
 .text          0x0000000000107505       0x26 binaries/strlen.o
                0x0000000000107505                strlen
 .text          0x000000000010752b       0x56 binaries/strncat.o
                0x000000000010752b                strncat
 .text          0x0000000000107581       0x5f binaries/strncmp.o
                0x0000000000107581                strncmp
 .text          0x00000000001075e0       0x4f binaries/strncpy.o
                0x00000000001075e0                strncpy
 .text          0x000000000010762f       0x2e binaries/strnlen.o
                0x000000000010762f                strnlen
 .text          0x000000000010765d       0x45 binaries/strrchr.o
                0x000000000010765d                strrchr
 .text          0x00000000001076a2       0x6d binaries/strstr.o
                0x00000000001076a2                strstr
 .text          0x000000000010770f       0xe4 binaries/ttycontrol.o
                0x000000000010770f                ttycontrol
 .text          0x00000000001077f3       0x97 binaries/ttygetc.o
                0x00000000001077f3                ttygetc
 .text          0x000000000010788a      0x6ee binaries/ttyhandle_in.o
                0x000000000010788a                ttyhandle_in
 .text          0x0000000000107f78      0x1ae binaries/ttyhandle_out.o
                0x0000000000107f78                ttyhandle_out
 .text          0x0000000000108126       0xce binaries/ttyhandler.o
                0x0000000000108126                ttyhandler
 .text          0x00000000001081f4      0x22f binaries/ttyinit.o
                0x00000000001081f4                ttyinit
 .text          0x0000000000108423       0x1b binaries/ttykickout.o
                0x0000000000108423                ttykickout
 .text          0x000000000010843e       0xb7 binaries/ttyputc.o
                0x000000000010843e                ttyputc
 .text          0x00000000001084f5      0x11b binaries/ttyread.o
                0x00000000001084f5                ttyread
 .text          0x0000000000108610       0x4f binaries/ttywrite.o
                0x0000000000108610                ttywrite
 .text          0x000000000010865f      0x14b binaries/mount.o
                0x000000000010865f                mount
                0x0000000000108774                namlen
 .text          0x00000000001087aa      0x1ea binaries/naminit.o
                0x00000000001087aa                naminit
 .text          0x0000000000108994      0x211 binaries/nammap.o
                0x0000000000108994                nammap
                0x0000000000108a1f                namrepl
                0x0000000000108b55                namcpy
 .text          0x0000000000108ba5       0x4e binaries/namopen.o
                0x0000000000108ba5                namopen
 .text          0x0000000000108bf3      0xec3 binaries/82545EMInit.o
                0x0000000000108c51                _82545EMInit
                0x0000000000109922                _82545EM_read_phy_reg
                0x00000000001099e8                _82545EM_write_phy_reg
 .text          0x0000000000109ab6      0x241 binaries/ethcontrol.o
                0x0000000000109b14                ethcontrol
                0x0000000000109c8a                ethIrqDisable
                0x0000000000109cbf                ethIrqEnable
 .text          0x0000000000109cf7      0x252 binaries/ethhandler.o
                0x0000000000109e67                ethhandler
 .text          0x0000000000109f49      0x126 binaries/ethinit.o
                0x0000000000109f49                ethinit
 .text          0x000000000010a06f      0x1f4 binaries/ethread.o
                0x000000000010a0cd                ethread
 .text          0x000000000010a263      0x19f binaries/ethwrite.o
                0x000000000010a2c1                ethwrite
 .text          0x000000000010a402       0x9e binaries/rdsbufalloc.o
                0x000000000010a402                rdsbufalloc
 .text          0x000000000010a4a0       0xcc binaries/rdsclose.o
                0x000000000010a4a0                rdsclose
 .text          0x000000000010a56c      0x2e8 binaries/rdscomm.o
                0x000000000010a56c                rdscomm
 .text          0x000000000010a854      0x233 binaries/rdscontrol.o
                0x000000000010a854                rdscontrol
 .text          0x000000000010aa87      0x1f3 binaries/rdsinit.o
                0x000000000010aa87                rdsinit
 .text          0x000000000010ac7a      0x19b binaries/rdsopen.o
                0x000000000010ac7a                rdsopen
 .text          0x000000000010ae15      0x461 binaries/rdsprocess.o
                0x000000000010ae15                rdsprocess
 .text          0x000000000010b276      0x259 binaries/rdsread.o
                0x000000000010b276                rdsread
 .text          0x000000000010b4cf      0x1fe binaries/rdswrite.o
                0x000000000010b4cf                rdswrite
 .text          0x000000000010b6cd        0xa binaries/ramclose.o
                0x000000000010b6cd                ramclose
 .text          0x000000000010b6d7       0x3e binaries/raminit.o
                0x000000000010b6d7                raminit
 .text          0x000000000010b715        0xa binaries/ramopen.o
                0x000000000010b715                ramopen
 .text          0x000000000010b71f       0x32 binaries/ramread.o
                0x000000000010b71f                ramread
 .text          0x000000000010b751       0x32 binaries/ramwrite.o
                0x000000000010b751                ramwrite
 .text          0x000000000010b783       0x98 binaries/lfdballoc.o
                0x000000000010b783                lfdballoc
 .text          0x000000000010b81b       0x58 binaries/lfdbfree.o
                0x000000000010b81b                lfdbfree
 .text          0x000000000010b873       0xb6 binaries/lfflush.o
                0x000000000010b873                lfflush
 .text          0x000000000010b929       0xd8 binaries/lfgetmode.o
                0x000000000010b929                lfgetmode
 .text          0x000000000010ba01       0x68 binaries/lfiballoc.o
                0x000000000010ba01                lfiballoc
 .text          0x000000000010ba69       0x3b binaries/lfibclear.o
                0x000000000010ba69                lfibclear
 .text          0x000000000010baa4       0xad binaries/lfibget.o
                0x000000000010baa4                lfibget
 .text          0x000000000010bb51       0xdc binaries/lfibput.o
                0x000000000010bb51                lfibput
 .text          0x000000000010bc2d       0xa2 binaries/lflclose.o
                0x000000000010bc2d                lflclose
 .text          0x000000000010bccf       0xd0 binaries/lflcontrol.o
                0x000000000010bccf                lflcontrol
 .text          0x000000000010bd9f       0xf2 binaries/lflgetc.o
                0x000000000010bd9f                lflgetc
 .text          0x000000000010be91       0xf1 binaries/lflinit.o
                0x000000000010be91                lflinit
 .text          0x000000000010bf82      0x122 binaries/lflputc.o
                0x000000000010bf82                lflputc
 .text          0x000000000010c0a4       0x70 binaries/lflread.o
                0x000000000010c0a4                lflread
 .text          0x000000000010c114       0xac binaries/lflseek.o
                0x000000000010c114                lflseek
 .text          0x000000000010c1c0       0x55 binaries/lflwrite.o
                0x000000000010c1c0                lflwrite
 .text          0x000000000010c215       0x62 binaries/lfscheck.o
                0x000000000010c215                lfscheck
 .text          0x000000000010c277      0x175 binaries/lfsckfmt.o
                0x000000000010c277                lfsckfmt
 .text          0x000000000010c3ec      0x1ad binaries/lfscreate.o
                0x000000000010c3ec                lfscreate
 .text          0x000000000010c599      0x278 binaries/lfsetup.o
                0x000000000010c599                lfsetup
 .text          0x000000000010c811       0x51 binaries/lfsinit.o
                0x000000000010c811                lfsinit
 .text          0x000000000010c862      0x3c0 binaries/lfsopen.o
                0x000000000010c862                lfsopen
 .text          0x000000000010cc22      0x15e binaries/lftruncate.o
                0x000000000010cc22                lftruncate
 .text          0x000000000010cd80       0x71 binaries/rflclose.o
                0x000000000010cd80                rflclose
 .text          0x000000000010cdf1       0x32 binaries/rflgetc.o
                0x000000000010cdf1                rflgetc
 .text          0x000000000010ce23       0x76 binaries/rflinit.o
                0x000000000010ce23                rflinit
 .text          0x000000000010ce99       0x33 binaries/rflputc.o
                0x000000000010ce99                rflputc
 .text          0x000000000010cecc      0x360 binaries/rflread.o
                0x000000000010cecc                rflread
 .text          0x000000000010d22c       0x74 binaries/rflseek.o
                0x000000000010d22c                rflseek
 .text          0x000000000010d2a0      0x34d binaries/rflwrite.o
                0x000000000010d2a0                rflwrite
 .text          0x000000000010d5ed      0x1e2 binaries/rfscomm.o
                0x000000000010d5ed                rfscomm
 .text          0x000000000010d7cf      0x26d binaries/rfscontrol.o
                0x000000000010d7cf                rfscontrol
 .text          0x000000000010da3c       0xd8 binaries/rfsgetmode.o
                0x000000000010da3c                rfsgetmode
 .text          0x000000000010db14       0x86 binaries/rfsinit.o
                0x000000000010db14                rfsinit
 .text          0x000000000010db9a      0x111 binaries/rfsndmsg.o
                0x000000000010db9a                rfsndmsg
 .text          0x000000000010dcab      0x2aa binaries/rfsopen.o
                0x000000000010dcab                rfsopen
 .text          0x000000000010df55      0x836 binaries/arp.o
                0x000000000010df55                arp_init
                0x000000000010df87                arp_resolve
                0x000000000010e23b                arp_in
                0x000000000010e4f3                arp_alloc
                0x000000000010e5b3                arp_ntoh
                0x000000000010e69f                arp_hton
 .text          0x000000000010e78b      0x8e3 binaries/dhcp.o
                0x000000000010e78b                dhcp_get_opt_val
                0x000000000010e7e4                dhcp_bld_bootp_msg
                0x000000000010e8f1                dhcp_bld_disc
                0x000000000010e9da                dhcp_bld_req
                0x000000000010eb4c                getlocalip
 .text          0x000000000010f06e      0x59f binaries/dns.o
                0x000000000010f06e                dnslookup
 .text          0x000000000010f60d       0xe8 binaries/dot2ip.o
                0x000000000010f60d                dot2ip
 .text          0x000000000010f6f5      0x4c4 binaries/hexdump.o
                0x000000000010f6f5                hexdump
                0x000000000010f89c                hexadump
 .text          0x000000000010fbb9      0x8af binaries/icmp.o
                0x000000000010fbb9                icmp_init
                0x000000000010fbf0                icmp_in
                0x000000000010fdc6                icmp_register
                0x000000000010fec1                icmp_recv
                0x000000000011004d                icmp_send
                0x00000000001100d5                icmp_mkpkt
                0x00000000001101ef                icmp_release
                0x00000000001102ed                icmp_cksum
                0x0000000000110380                icmp_hton
                0x00000000001103f4                icmp_ntoh
 .text          0x0000000000110468      0x8a5 binaries/ip.o
                0x0000000000110468                ip_in
                0x00000000001105ec                ip_send
                0x0000000000110747                ip_local
                0x0000000000110793                ip_out
                0x00000000001108cc                ipcksum
                0x0000000000110952                ip_ntoh
                0x0000000000110a3e                ip_hton
                0x0000000000110b2a                ipout
                0x0000000000110c59                ip_enqueue
 .text          0x0000000000110d0d      0x2cd binaries/net.o
                0x0000000000110d0d                net_init
                0x0000000000110e35                netin
                0x0000000000110ef2                eth_hton
                0x0000000000110f1c                eth_ntoh
                0x0000000000110f46                getport
 .text          0x0000000000110fda     0x147f binaries/pdump.o
                0x0000000000110fda                pdump
                0x0000000000111d97                pdumph
 .text          0x0000000000112459      0x613 binaries/tftp.o
                0x0000000000112459                tftp_send1
                0x00000000001125d1                tftpget
                0x0000000000112603                tftpget_mb
 .text          0x0000000000112a6c      0xb82 binaries/udp.o
                0x0000000000112a6c                udp_init
                0x0000000000112aa1                udp_in
                0x0000000000112be3                udp_register
                0x0000000000112d20                udp_recv
                0x0000000000112ebc                udp_recvaddr
                0x0000000000113070                udp_send
                0x0000000000113258                udp_sendto
                0x0000000000113409                udp_release
                0x0000000000113504                udp_ntoh
                0x0000000000113579                udp_hton
 .text          0x00000000001135ee      0x138 binaries/addargs.o
                0x00000000001135ee                addargs
 .text          0x0000000000113726      0x2c9 binaries/lexan.o
                0x0000000000113726                lexan
 .text          0x00000000001139ef      0x663 binaries/shell.o
                0x00000000001139ef                shell
 .text          0x0000000000114052       0x69 binaries/xsh_argecho.o
                0x0000000000114052                xsh_argecho
 .text          0x00000000001140bb      0x275 binaries/xsh_arp.o
                0x00000000001140bb                xsh_arp
 .text          0x0000000000114330      0x269 binaries/xsh_cat.o
                0x0000000000114330                xsh_cat
 .text          0x0000000000114599       0x5d binaries/xsh_clear.o
                0x0000000000114599                xsh_clear
 .text          0x00000000001145f6      0x2f2 binaries/xsh_date.o
                0x00000000001145f6                xsh_date
 .text          0x00000000001148e8       0xad binaries/xsh_devdump.o
                0x00000000001148e8                xsh_devdump
 .text          0x0000000000114995       0x72 binaries/xsh_echo.o
                0x0000000000114995                xsh_echo
 .text          0x0000000000114a07        0xa binaries/xsh_exit.o
                0x0000000000114a07                xsh_exit
 .text          0x0000000000114a11      0x387 binaries/xsh_help.o
                0x0000000000114a11                xsh_help
 .text          0x0000000000114d98      0x244 binaries/xsh_kill.o
                0x0000000000114d98                xsh_kill
 .text          0x0000000000114fdc      0x53f binaries/xsh_memdump.o
                0x0000000000114fdc                xsh_memdump
 .text          0x000000000011551b      0x2a5 binaries/xsh_memstat.o
                0x000000000011551b                xsh_memstat
 .text          0x00000000001157c0      0x509 binaries/xsh_netinfo.o
                0x00000000001157c0                xsh_netinfo
 .text          0x0000000000115cc9      0x486 binaries/xsh_ping.o
                0x0000000000115cc9                xsh_ping
 .text          0x000000000011614f      0x21e binaries/xsh_ps.o
                0x000000000011614f                xsh_ps
 .text          0x000000000011636d      0x220 binaries/xsh_sleep.o
                0x000000000011636d                xsh_sleep
 .text          0x000000000011658d      0x278 binaries/xsh_udpdump.o
                0x000000000011658d                xsh_udpdump
 .text          0x0000000000116805      0x4b5 binaries/xsh_udpecho.o
                0x0000000000116805                xsh_udpecho
 .text          0x0000000000116cba      0x2aa binaries/xsh_udpserver.o
                0x0000000000116cba                xsh_udpeserver
 .text          0x0000000000116f64      0x1f1 binaries/xsh_uptime.o
                0x0000000000116f64                xsh_uptime
 .text          0x0000000000117155        0xe binaries/clkdisp.o
                0x0000000000117155                clkdisp
 .text          0x0000000000117163       0x19 binaries/ctxsw.o
                0x0000000000117163                ctxsw
 .text          0x000000000011717c      0x36b binaries/intr.o
                0x000000000011717c                disable
                0x0000000000117185                restore
                0x0000000000117193                enable
                0x0000000000117195                pause
                0x000000000011719c                halt
                0x00000000001171a2                spurious_irq7
                0x00000000001171a7                spurious_irq15
                0x00000000001171b6                _Xint0
                0x00000000001171c1                _Xint1
                0x00000000001171cc                _Xint2
                0x00000000001171d7                _Xint3
                0x00000000001171e2                _Xint4
                0x00000000001171ed                _Xint5
                0x00000000001171f8                _Xint6
                0x0000000000117203                _Xint7
                0x000000000011720e                _Xint8
                0x0000000000117219                _Xint9
                0x0000000000117224                _Xint10
                0x000000000011722f                _Xint11
                0x000000000011723d                _Xint12
                0x000000000011724b                _Xint13
                0x0000000000117259                _Xint14
                0x0000000000117267                _Xint15
                0x0000000000117275                _Xint16
                0x0000000000117283                _Xint17
                0x0000000000117291                _Xint18
                0x000000000011729f                _Xint19
                0x00000000001172ad                _Xint20
                0x00000000001172bb                _Xint21
                0x00000000001172c9                _Xint22
                0x00000000001172d7                _Xint23
                0x00000000001172e5                _Xint24
                0x00000000001172f3                _Xint25
                0x0000000000117301                _Xint26
                0x000000000011730f                _Xint27
                0x000000000011731d                _Xint28
                0x000000000011732b                _Xint29
                0x0000000000117339                _Xint30
                0x0000000000117347                _Xint31
                0x0000000000117355                _Xint32
                0x0000000000117363                _Xint33
                0x0000000000117371                _Xint34
                0x000000000011737f                _Xint35
                0x000000000011738d                _Xint36
                0x000000000011739b                _Xint37
                0x00000000001173a9                _Xint38
                0x00000000001173b7                _Xint39
                0x00000000001173c5                _Xint40
                0x00000000001173d3                _Xint41
                0x00000000001173e1                _Xint42
                0x00000000001173ef                _Xint43
                0x00000000001173fd                _Xint44
                0x000000000011740b                _Xint45
                0x0000000000117419                _Xint46
                0x0000000000117427                defevec
 .text          0x00000000001174e7       0x15 binaries/test_and_set.o
                0x00000000001174e7                test_and_set
 .text          0x00000000001174fc        0xf binaries/ttydispatch.o
                0x00000000001174fc                ttydispatch
 .text          0x000000000011750b       0x13 binaries/ethdispatch.o
                0x000000000011750b                ethdispatch
 *(.rodata .rodata.*)
 .rodata        0x000000000011751e       0x19 binaries/active_lock.o
 *fill*         0x0000000000117537        0x1 
 .rodata        0x0000000000117538       0x8e binaries/ascdate.o
 .rodata        0x00000000001175c6       0xae binaries/conf.o
 .rodata        0x0000000000117674      0x22f binaries/evec.o
 *fill*         0x00000000001178a3        0x1 
 .rodata        0x00000000001178a4       0x61 binaries/getutime.o
 *fill*         0x0000000000117905        0x3 
 .rodata        0x0000000000117908       0x90 binaries/i386.o
 .rodata        0x0000000000117998      0x181 binaries/initialize.o
 *fill*         0x0000000000117b19        0x3 
 .rodata        0x0000000000117b1c       0x20 binaries/kill.o
 .rodata        0x0000000000117b3c        0x7 binaries/lock.o
 *fill*         0x0000000000117b43        0x1 
 .rodata        0x0000000000117b44       0x9e binaries/main.o
 .rodata        0x0000000000117be2        0xf binaries/panic.o
 *fill*         0x0000000000117bf1        0x3 
 .rodata        0x0000000000117bf4      0x1ec binaries/pci.o
 .rodata        0x0000000000117de0       0x1c binaries/pi_lock.o
 .rodata        0x0000000000117dfc       0x1d binaries/ptinit.o
 *fill*         0x0000000000117e19        0x3 
 .rodata        0x0000000000117e1c       0x25 binaries/ptsend.o
 *fill*         0x0000000000117e41        0x3 
 .rodata        0x0000000000117e44       0xb7 binaries/stacktrace.o
 *fill*         0x0000000000117efb        0x1 
 .rodata        0x0000000000117efc       0x27 binaries/xdone.o
 *fill*         0x0000000000117f23       0x1d 
 .rodata        0x0000000000117f40       0x81 binaries/ctype_.o
                0x0000000000117f40                _ctype_
 *fill*         0x0000000000117fc1        0x3 
 .rodata        0x0000000000117fc4       0xee binaries/doprnt.o
 *fill*         0x00000000001180b2        0x2 
 .rodata        0x00000000001180b4       0x98 binaries/doscan.o
 .rodata        0x000000000011814c       0xae binaries/fdoprnt.o
 *fill*         0x00000000001181fa        0x2 
 .rodata        0x00000000001181fc       0x20 binaries/ttycontrol.o
 .rodata        0x000000000011821c       0x34 binaries/ttyhandler.o
 .rodata        0x0000000000118250       0x80 binaries/naminit.o
 .rodata        0x00000000001182d0       0x2e binaries/82545EMInit.o
 *fill*         0x00000000001182fe        0x2 
 .rodata        0x0000000000118300       0x78 binaries/ethinit.o
 .rodata        0x0000000000118378       0x18 binaries/ethread.o
 .rodata        0x0000000000118390       0x2c binaries/rdsbufalloc.o
 .rodata        0x00000000001183bc       0x76 binaries/rdscomm.o
 *fill*         0x0000000000118432        0x2 
 .rodata        0x0000000000118434       0x48 binaries/rdscontrol.o
 .rodata        0x000000000011847c       0x96 binaries/rdsinit.o
 *fill*         0x0000000000118512        0x2 
 .rodata        0x0000000000118514       0x22 binaries/rdsopen.o
 *fill*         0x0000000000118536        0x2 
 .rodata        0x0000000000118538       0x4d binaries/rdsprocess.o
 .rodata        0x0000000000118585        0x9 binaries/raminit.o
 *fill*         0x000000000011858e        0x2 
 .rodata        0x0000000000118590       0x37 binaries/lfdballoc.o
 .rodata        0x00000000001185c7       0x14 binaries/lfiballoc.o
 *fill*         0x00000000001185db        0x1 
 .rodata        0x00000000001185dc       0x23 binaries/lflcontrol.o
 *fill*         0x00000000001185ff        0x1 
 .rodata        0x0000000000118600      0x11b binaries/lfsckfmt.o
 *fill*         0x000000000011871b        0x1 
 .rodata        0x000000000011871c       0x2a binaries/lfsopen.o
 *fill*         0x0000000000118746        0x2 
 .rodata        0x0000000000118748       0x21 binaries/rflread.o
 *fill*         0x0000000000118769        0x3 
 .rodata        0x000000000011876c       0x21 binaries/rflwrite.o
 *fill*         0x000000000011878d        0x3 
 .rodata        0x0000000000118790       0x75 binaries/rfscomm.o
 *fill*         0x0000000000118805        0x3 
 .rodata        0x0000000000118808       0x3c binaries/rfscontrol.o
 .rodata        0x0000000000118844       0x63 binaries/rfsinit.o
 *fill*         0x00000000001188a7        0x1 
 .rodata        0x00000000001188a8       0x2a binaries/rfsndmsg.o
 *fill*         0x00000000001188d2        0x2 
 .rodata        0x00000000001188d4       0x22 binaries/rfsopen.o
 *fill*         0x00000000001188f6        0x2 
 .rodata        0x00000000001188f8       0x3a binaries/arp.o
 *fill*         0x0000000000118932        0x2 
 .rodata        0x0000000000118934       0xcf binaries/dhcp.o
 .rodata        0x0000000000118a03       0x1a binaries/dns.o
 *fill*         0x0000000000118a1d        0x3 
 .rodata        0x0000000000118a20       0xc9 binaries/hexdump.o
 *fill*         0x0000000000118ae9        0x3 
 .rodata        0x0000000000118aec       0x29 binaries/icmp.o
 *fill*         0x0000000000118b15        0x3 
 .rodata        0x0000000000118b18       0x6e binaries/ip.o
 *fill*         0x0000000000118b86        0x2 
 .rodata        0x0000000000118b88       0x4f binaries/net.o
 *fill*         0x0000000000118bd7        0x1 
 .rodata        0x0000000000118bd8      0x26f binaries/pdump.o
 *fill*         0x0000000000118e47        0x1 
 .rodata        0x0000000000118e48      0x154 binaries/tftp.o
 *fill*         0x0000000000118f9c        0x4 
 .rodata        0x0000000000118fa0      0x3c1 binaries/shell.o
                0x0000000000119020                cmdtab
 .rodata        0x0000000000119361       0x28 binaries/xsh_argecho.o
 *fill*         0x0000000000119389        0x3 
 .rodata        0x000000000011938c      0x123 binaries/xsh_arp.o
 *fill*         0x00000000001194af        0x1 
 .rodata        0x00000000001194b0       0xc9 binaries/xsh_cat.o
 .rodata        0x0000000000119579       0x19 binaries/xsh_clear.o
 *fill*         0x0000000000119592        0x2 
 .rodata        0x0000000000119594      0x1c3 binaries/xsh_date.o
 .rodata        0x0000000000119757       0x5d binaries/xsh_devdump.o
 .rodata        0x00000000001197b4        0x9 binaries/xsh_echo.o
 *fill*         0x00000000001197bd        0x3 
 .rodata        0x00000000001197c0      0x169 binaries/xsh_help.o
 *fill*         0x0000000000119929        0x3 
 .rodata        0x000000000011992c      0x12e binaries/xsh_kill.o
 *fill*         0x0000000000119a5a        0x2 
 .rodata        0x0000000000119a5c      0x266 binaries/xsh_memdump.o
 *fill*         0x0000000000119cc2        0x2 
 .rodata        0x0000000000119cc4      0x225 binaries/xsh_memstat.o
 *fill*         0x0000000000119ee9        0x3 
 .rodata        0x0000000000119eec      0x1b0 binaries/xsh_netinfo.o
 .rodata        0x000000000011a09c      0x1a1 binaries/xsh_ping.o
 *fill*         0x000000000011a23d        0x3 
 .rodata        0x000000000011a240      0x1e0 binaries/xsh_ps.o
 .rodata        0x000000000011a420       0xeb binaries/xsh_sleep.o
 *fill*         0x000000000011a50b        0x1 
 .rodata        0x000000000011a50c      0x1b8 binaries/xsh_udpdump.o
 .rodata        0x000000000011a6c4      0x215 binaries/xsh_udpecho.o
 *fill*         0x000000000011a8d9        0x3 
 .rodata        0x000000000011a8dc      0x12b binaries/xsh_udpserver.o
 *fill*         0x000000000011aa07        0x1 
 .rodata        0x000000000011aa08      0x105 binaries/xsh_uptime.o
                0x000000000011ab0d                etext = ABSOLUTE (.)
                0x000000000011b000                . = ALIGN (0x1000)
 *fill*         0x000000000011ab0d      0x4f3 

.eh_frame       0x000000000011b000     0x3024
 .eh_frame      0x000000000011b000      0x13c binaries/active_lock.o
 .eh_frame      0x000000000011b13c       0x20 binaries/ascdate.o
                                         0x38 (size before relaxing)
 .eh_frame      0x000000000011b15c       0x20 binaries/bufinit.o
                                         0x38 (size before relaxing)
 .eh_frame      0x000000000011b17c       0x20 binaries/chprio.o
                                         0x38 (size before relaxing)
 .eh_frame      0x000000000011b19c       0x20 binaries/clkhandler.o
                                         0x38 (size before relaxing)
 .eh_frame      0x000000000011b1bc       0x20 binaries/clkinit.o
                                         0x38 (size before relaxing)
 .eh_frame      0x000000000011b1dc       0x20 binaries/close.o
                                         0x38 (size before relaxing)
 .eh_frame      0x000000000011b1fc       0x20 binaries/control.o
                                         0x38 (size before relaxing)
 .eh_frame      0x000000000011b21c       0x40 binaries/create.o
                                         0x58 (size before relaxing)
 .eh_frame      0x000000000011b25c       0x60 binaries/evec.o
                                         0x78 (size before relaxing)
 .eh_frame      0x000000000011b2bc       0x20 binaries/exit.o
                                         0x38 (size before relaxing)
 .eh_frame      0x000000000011b2dc       0x20 binaries/freebuf.o
                                         0x38 (size before relaxing)
 .eh_frame      0x000000000011b2fc       0x20 binaries/freemem.o
                                         0x38 (size before relaxing)
 .eh_frame      0x000000000011b31c       0x20 binaries/getbuf.o
                                         0x38 (size before relaxing)
 .eh_frame      0x000000000011b33c       0x20 binaries/getc.o
                                         0x38 (size before relaxing)
 .eh_frame      0x000000000011b35c       0x20 binaries/getdev.o
                                         0x38 (size before relaxing)
 .eh_frame      0x000000000011b37c       0x60 binaries/getitem.o
                                         0x78 (size before relaxing)
 .eh_frame      0x000000000011b3dc       0x20 binaries/getmem.o
                                         0x38 (size before relaxing)
 .eh_frame      0x000000000011b3fc       0x20 binaries/getpid.o
                                         0x38 (size before relaxing)
 .eh_frame      0x000000000011b41c       0x20 binaries/getprio.o
                                         0x38 (size before relaxing)
 .eh_frame      0x000000000011b43c       0x20 binaries/getstk.o
                                         0x38 (size before relaxing)
 .eh_frame      0x000000000011b45c       0x20 binaries/getticks.o
                                         0x38 (size before relaxing)
 .eh_frame      0x000000000011b47c       0x20 binaries/gettime.o
                                         0x38 (size before relaxing)
 .eh_frame      0x000000000011b49c       0x20 binaries/getutime.o
                                         0x38 (size before relaxing)
 .eh_frame      0x000000000011b4bc       0x8c binaries/i386.o
                                         0xa4 (size before relaxing)
 .eh_frame      0x000000000011b548       0x20 binaries/init.o
                                         0x38 (size before relaxing)
 .eh_frame      0x000000000011b568       0xa0 binaries/initialize.o
                                         0xb8 (size before relaxing)
 .eh_frame      0x000000000011b608       0x20 binaries/insert.o
                                         0x38 (size before relaxing)
 .eh_frame      0x000000000011b628       0x20 binaries/insertd.o
                                         0x38 (size before relaxing)
 .eh_frame      0x000000000011b648       0x20 binaries/ioerr.o
                                         0x38 (size before relaxing)
 .eh_frame      0x000000000011b668       0x20 binaries/ionull.o
                                         0x38 (size before relaxing)
 .eh_frame      0x000000000011b688       0x20 binaries/kill.o
                                         0x38 (size before relaxing)
 .eh_frame      0x000000000011b6a8       0x8c binaries/kprintf.o
                                         0xa4 (size before relaxing)
 .eh_frame      0x000000000011b734       0xe0 binaries/lock.o
                                         0xf8 (size before relaxing)
 .eh_frame      0x000000000011b814       0xb0 binaries/main.o
                                         0xc8 (size before relaxing)
 .eh_frame      0x000000000011b8c4       0x40 binaries/mark.o
                                         0x58 (size before relaxing)
 .eh_frame      0x000000000011b904       0x20 binaries/meminit.o
                                         0x38 (size before relaxing)
 .eh_frame      0x000000000011b924       0x20 binaries/mkbufpool.o
                                         0x38 (size before relaxing)
 .eh_frame      0x000000000011b944       0x20 binaries/newqueue.o
                                         0x38 (size before relaxing)
 .eh_frame      0x000000000011b964       0x20 binaries/open.o
                                         0x38 (size before relaxing)
 .eh_frame      0x000000000011b984       0x1c binaries/panic.o
                                         0x34 (size before relaxing)
 .eh_frame      0x000000000011b9a0      0x1c8 binaries/pci.o
                                        0x1e0 (size before relaxing)
 .eh_frame      0x000000000011bb68       0xe0 binaries/pi_lock.o
                                         0xf8 (size before relaxing)
 .eh_frame      0x000000000011bc48       0x20 binaries/ptclear.o
                                         0x38 (size before relaxing)
 .eh_frame      0x000000000011bc68       0x20 binaries/ptcount.o
                                         0x38 (size before relaxing)
 .eh_frame      0x000000000011bc88       0x20 binaries/ptcreate.o
                                         0x38 (size before relaxing)
 .eh_frame      0x000000000011bca8       0x20 binaries/ptdelete.o
                                         0x38 (size before relaxing)
 .eh_frame      0x000000000011bcc8       0x20 binaries/ptinit.o
                                         0x38 (size before relaxing)
 .eh_frame      0x000000000011bce8       0x20 binaries/ptrecv.o
                                         0x38 (size before relaxing)
 .eh_frame      0x000000000011bd08       0x20 binaries/ptreset.o
                                         0x38 (size before relaxing)
 .eh_frame      0x000000000011bd28       0x20 binaries/ptsend.o
                                         0x38 (size before relaxing)
 .eh_frame      0x000000000011bd48       0x20 binaries/putc.o
                                         0x38 (size before relaxing)
 .eh_frame      0x000000000011bd68       0x40 binaries/queue.o
                                         0x58 (size before relaxing)
 .eh_frame      0x000000000011bda8       0x20 binaries/read.o
                                         0x38 (size before relaxing)
 .eh_frame      0x000000000011bdc8       0x24 binaries/ready.o
                                         0x3c (size before relaxing)
 .eh_frame      0x000000000011bdec       0x20 binaries/receive.o
                                         0x38 (size before relaxing)
 .eh_frame      0x000000000011be0c       0x20 binaries/recvclr.o
                                         0x38 (size before relaxing)
 .eh_frame      0x000000000011be2c       0x20 binaries/recvtime.o
                                         0x38 (size before relaxing)
 .eh_frame      0x000000000011be4c       0x40 binaries/resched.o
                                         0x58 (size before relaxing)
 .eh_frame      0x000000000011be8c       0x20 binaries/resume.o
                                         0x38 (size before relaxing)
 .eh_frame      0x000000000011beac       0x20 binaries/seek.o
                                         0x38 (size before relaxing)
 .eh_frame      0x000000000011becc       0x20 binaries/semcount.o
                                         0x38 (size before relaxing)
 .eh_frame      0x000000000011beec       0x40 binaries/semcreate.o
                                         0x58 (size before relaxing)
 .eh_frame      0x000000000011bf2c       0x20 binaries/semdelete.o
                                         0x38 (size before relaxing)
 .eh_frame      0x000000000011bf4c       0x20 binaries/semreset.o
                                         0x38 (size before relaxing)
 .eh_frame      0x000000000011bf6c       0x20 binaries/send.o
                                         0x38 (size before relaxing)
 .eh_frame      0x000000000011bf8c       0x20 binaries/signal.o
                                         0x38 (size before relaxing)
 .eh_frame      0x000000000011bfac       0x20 binaries/signaln.o
                                         0x38 (size before relaxing)
 .eh_frame      0x000000000011bfcc       0x40 binaries/sleep.o
                                         0x58 (size before relaxing)
 .eh_frame      0x000000000011c00c       0x60 binaries/spinlock.o
                                         0x78 (size before relaxing)
 .eh_frame      0x000000000011c06c       0x20 binaries/stacktrace.o
                                         0x38 (size before relaxing)
 .eh_frame      0x000000000011c08c       0x20 binaries/suspend.o
                                         0x38 (size before relaxing)
 .eh_frame      0x000000000011c0ac       0x20 binaries/unsleep.o
                                         0x38 (size before relaxing)
 .eh_frame      0x000000000011c0cc       0x20 binaries/userret.o
                                         0x38 (size before relaxing)
 .eh_frame      0x000000000011c0ec       0x20 binaries/wait.o
                                         0x38 (size before relaxing)
 .eh_frame      0x000000000011c10c       0x20 binaries/wakeup.o
                                         0x38 (size before relaxing)
 .eh_frame      0x000000000011c12c       0x20 binaries/write.o
                                         0x38 (size before relaxing)
 .eh_frame      0x000000000011c14c       0x20 binaries/xdone.o
                                         0x38 (size before relaxing)
 .eh_frame      0x000000000011c16c       0x20 binaries/yield.o
                                         0x38 (size before relaxing)
 .eh_frame      0x000000000011c18c       0x20 binaries/abs.o
                                         0x38 (size before relaxing)
 .eh_frame      0x000000000011c1ac       0x20 binaries/atoi.o
                                         0x38 (size before relaxing)
 .eh_frame      0x000000000011c1cc       0x20 binaries/atol.o
                                         0x38 (size before relaxing)
 .eh_frame      0x000000000011c1ec       0x20 binaries/bzero.o
                                         0x38 (size before relaxing)
 .eh_frame      0x000000000011c20c       0xe0 binaries/doprnt.o
                                         0xf8 (size before relaxing)
 .eh_frame      0x000000000011c2ec       0xb0 binaries/doscan.o
                                         0xc8 (size before relaxing)
 .eh_frame      0x000000000011c39c       0xc0 binaries/fdoprnt.o
                                         0xd8 (size before relaxing)
 .eh_frame      0x000000000011c45c       0x20 binaries/fgetc.o
                                         0x38 (size before relaxing)
 .eh_frame      0x000000000011c47c       0x20 binaries/fgets.o
                                         0x38 (size before relaxing)
 .eh_frame      0x000000000011c49c       0x20 binaries/fprintf.o
                                         0x38 (size before relaxing)
 .eh_frame      0x000000000011c4bc       0x20 binaries/fputc.o
                                         0x38 (size before relaxing)
 .eh_frame      0x000000000011c4dc       0x20 binaries/fputs.o
                                         0x38 (size before relaxing)
 .eh_frame      0x000000000011c4fc       0x60 binaries/fscanf.o
                                         0x78 (size before relaxing)
 .eh_frame      0x000000000011c55c       0x20 binaries/getchar.o
                                         0x38 (size before relaxing)
 .eh_frame      0x000000000011c57c       0x20 binaries/labs.o
                                         0x38 (size before relaxing)
 .eh_frame      0x000000000011c59c       0x20 binaries/memcmp.o
                                         0x38 (size before relaxing)
 .eh_frame      0x000000000011c5bc       0x24 binaries/memcpy.o
                                         0x3c (size before relaxing)
 .eh_frame      0x000000000011c5e0       0x24 binaries/memset.o
                                         0x3c (size before relaxing)
 .eh_frame      0x000000000011c604       0x20 binaries/printf.o
                                         0x38 (size before relaxing)
 .eh_frame      0x000000000011c624       0x20 binaries/putchar.o
                                         0x38 (size before relaxing)
 .eh_frame      0x000000000011c644       0xa8 binaries/qsort.o
                                         0xc0 (size before relaxing)
 .eh_frame      0x000000000011c6ec       0x60 binaries/rand.o
                                         0x78 (size before relaxing)
 .eh_frame      0x000000000011c74c       0x40 binaries/sprintf.o
                                         0x58 (size before relaxing)
 .eh_frame      0x000000000011c78c       0x60 binaries/sscanf.o
                                         0x78 (size before relaxing)
 .eh_frame      0x000000000011c7ec       0x20 binaries/strchr.o
                                         0x38 (size before relaxing)
 .eh_frame      0x000000000011c80c       0x20 binaries/strcmp.o
                                         0x38 (size before relaxing)
 .eh_frame      0x000000000011c82c       0x20 binaries/strcpy.o
                                         0x38 (size before relaxing)
 .eh_frame      0x000000000011c84c       0x20 binaries/strlen.o
                                         0x38 (size before relaxing)
 .eh_frame      0x000000000011c86c       0x20 binaries/strncat.o
                                         0x38 (size before relaxing)
 .eh_frame      0x000000000011c88c       0x20 binaries/strncmp.o
                                         0x38 (size before relaxing)
 .eh_frame      0x000000000011c8ac       0x28 binaries/strncpy.o
                                         0x40 (size before relaxing)
 .eh_frame      0x000000000011c8d4       0x20 binaries/strnlen.o
                                         0x38 (size before relaxing)
 .eh_frame      0x000000000011c8f4       0x20 binaries/strrchr.o
                                         0x38 (size before relaxing)
 .eh_frame      0x000000000011c914       0x20 binaries/strstr.o
                                         0x38 (size before relaxing)
 .eh_frame      0x000000000011c934       0x20 binaries/ttycontrol.o
                                         0x38 (size before relaxing)
 .eh_frame      0x000000000011c954       0x20 binaries/ttygetc.o
                                         0x38 (size before relaxing)
 .eh_frame      0x000000000011c974       0x80 binaries/ttyhandle_in.o
                                         0x98 (size before relaxing)
 .eh_frame      0x000000000011c9f4       0x20 binaries/ttyhandle_out.o
                                         0x38 (size before relaxing)
 .eh_frame      0x000000000011ca14       0x20 binaries/ttyhandler.o
                                         0x38 (size before relaxing)
 .eh_frame      0x000000000011ca34       0x20 binaries/ttyinit.o
                                         0x38 (size before relaxing)
 .eh_frame      0x000000000011ca54       0x20 binaries/ttykickout.o
                                         0x38 (size before relaxing)
 .eh_frame      0x000000000011ca74       0x20 binaries/ttyputc.o
                                         0x38 (size before relaxing)
 .eh_frame      0x000000000011ca94       0x24 binaries/ttyread.o
                                         0x3c (size before relaxing)
 .eh_frame      0x000000000011cab8       0x20 binaries/ttywrite.o
                                         0x38 (size before relaxing)
 .eh_frame      0x000000000011cad8       0x40 binaries/mount.o
                                         0x58 (size before relaxing)
 .eh_frame      0x000000000011cb18       0x20 binaries/naminit.o
                                         0x38 (size before relaxing)
 .eh_frame      0x000000000011cb38       0x60 binaries/nammap.o
                                         0x78 (size before relaxing)
 .eh_frame      0x000000000011cb98       0x20 binaries/namopen.o
                                         0x38 (size before relaxing)
 .eh_frame      0x000000000011cbb8      0x150 binaries/82545EMInit.o
                                        0x168 (size before relaxing)
 .eh_frame      0x000000000011cd08       0xa0 binaries/ethcontrol.o
                                         0xb8 (size before relaxing)
 .eh_frame      0x000000000011cda8       0x80 binaries/ethhandler.o
                                         0x98 (size before relaxing)
 .eh_frame      0x000000000011ce28       0x20 binaries/ethinit.o
                                         0x38 (size before relaxing)
 .eh_frame      0x000000000011ce48       0x60 binaries/ethread.o
                                         0x78 (size before relaxing)
 .eh_frame      0x000000000011cea8       0x60 binaries/ethwrite.o
                                         0x78 (size before relaxing)
 .eh_frame      0x000000000011cf08       0x20 binaries/rdsbufalloc.o
                                         0x38 (size before relaxing)
 .eh_frame      0x000000000011cf28       0x20 binaries/rdsclose.o
                                         0x38 (size before relaxing)
 .eh_frame      0x000000000011cf48       0x20 binaries/rdscomm.o
                                         0x38 (size before relaxing)
 .eh_frame      0x000000000011cf68       0x20 binaries/rdscontrol.o
                                         0x38 (size before relaxing)
 .eh_frame      0x000000000011cf88       0x20 binaries/rdsinit.o
                                         0x38 (size before relaxing)
 .eh_frame      0x000000000011cfa8       0x20 binaries/rdsopen.o
                                         0x38 (size before relaxing)
 .eh_frame      0x000000000011cfc8       0x1c binaries/rdsprocess.o
                                         0x34 (size before relaxing)
 .eh_frame      0x000000000011cfe4       0x20 binaries/rdsread.o
                                         0x38 (size before relaxing)
 .eh_frame      0x000000000011d004       0x20 binaries/rdswrite.o
                                         0x38 (size before relaxing)
 .eh_frame      0x000000000011d024       0x20 binaries/ramclose.o
                                         0x38 (size before relaxing)
 .eh_frame      0x000000000011d044       0x20 binaries/raminit.o
                                         0x38 (size before relaxing)
 .eh_frame      0x000000000011d064       0x20 binaries/ramopen.o
                                         0x38 (size before relaxing)
 .eh_frame      0x000000000011d084       0x20 binaries/ramread.o
                                         0x38 (size before relaxing)
 .eh_frame      0x000000000011d0a4       0x20 binaries/ramwrite.o
                                         0x38 (size before relaxing)
 .eh_frame      0x000000000011d0c4       0x20 binaries/lfdballoc.o
                                         0x38 (size before relaxing)
 .eh_frame      0x000000000011d0e4       0x20 binaries/lfdbfree.o
                                         0x38 (size before relaxing)
 .eh_frame      0x000000000011d104       0x20 binaries/lfflush.o
                                         0x38 (size before relaxing)
 .eh_frame      0x000000000011d124       0x20 binaries/lfgetmode.o
                                         0x38 (size before relaxing)
 .eh_frame      0x000000000011d144       0x20 binaries/lfiballoc.o
                                         0x38 (size before relaxing)
 .eh_frame      0x000000000011d164       0x20 binaries/lfibclear.o
                                         0x38 (size before relaxing)
 .eh_frame      0x000000000011d184       0x20 binaries/lfibget.o
                                         0x38 (size before relaxing)
 .eh_frame      0x000000000011d1a4       0x20 binaries/lfibput.o
                                         0x38 (size before relaxing)
 .eh_frame      0x000000000011d1c4       0x20 binaries/lflclose.o
                                         0x38 (size before relaxing)
 .eh_frame      0x000000000011d1e4       0x20 binaries/lflcontrol.o
                                         0x38 (size before relaxing)
 .eh_frame      0x000000000011d204       0x20 binaries/lflgetc.o
                                         0x38 (size before relaxing)
 .eh_frame      0x000000000011d224       0x20 binaries/lflinit.o
                                         0x38 (size before relaxing)
 .eh_frame      0x000000000011d244       0x20 binaries/lflputc.o
                                         0x38 (size before relaxing)
 .eh_frame      0x000000000011d264       0x20 binaries/lflread.o
                                         0x38 (size before relaxing)
 .eh_frame      0x000000000011d284       0x20 binaries/lflseek.o
                                         0x38 (size before relaxing)
 .eh_frame      0x000000000011d2a4       0x20 binaries/lflwrite.o
                                         0x38 (size before relaxing)
 .eh_frame      0x000000000011d2c4       0x20 binaries/lfscheck.o
                                         0x38 (size before relaxing)
 .eh_frame      0x000000000011d2e4       0x20 binaries/lfsckfmt.o
                                         0x38 (size before relaxing)
 .eh_frame      0x000000000011d304       0x20 binaries/lfscreate.o
                                         0x38 (size before relaxing)
 .eh_frame      0x000000000011d324       0x20 binaries/lfsetup.o
                                         0x38 (size before relaxing)
 .eh_frame      0x000000000011d344       0x20 binaries/lfsinit.o
                                         0x38 (size before relaxing)
 .eh_frame      0x000000000011d364       0x20 binaries/lfsopen.o
                                         0x38 (size before relaxing)
 .eh_frame      0x000000000011d384       0x20 binaries/lftruncate.o
                                         0x38 (size before relaxing)
 .eh_frame      0x000000000011d3a4       0x20 binaries/rflclose.o
                                         0x38 (size before relaxing)
 .eh_frame      0x000000000011d3c4       0x20 binaries/rflgetc.o
                                         0x38 (size before relaxing)
 .eh_frame      0x000000000011d3e4       0x20 binaries/rflinit.o
                                         0x38 (size before relaxing)
 .eh_frame      0x000000000011d404       0x20 binaries/rflputc.o
                                         0x38 (size before relaxing)
 .eh_frame      0x000000000011d424       0x20 binaries/rflread.o
                                         0x38 (size before relaxing)
 .eh_frame      0x000000000011d444       0x20 binaries/rflseek.o
                                         0x38 (size before relaxing)
 .eh_frame      0x000000000011d464       0x20 binaries/rflwrite.o
                                         0x38 (size before relaxing)
 .eh_frame      0x000000000011d484       0x20 binaries/rfscomm.o
                                         0x38 (size before relaxing)
 .eh_frame      0x000000000011d4a4       0x20 binaries/rfscontrol.o
                                         0x38 (size before relaxing)
 .eh_frame      0x000000000011d4c4       0x20 binaries/rfsgetmode.o
                                         0x38 (size before relaxing)
 .eh_frame      0x000000000011d4e4       0x20 binaries/rfsinit.o
                                         0x38 (size before relaxing)
 .eh_frame      0x000000000011d504       0x20 binaries/rfsndmsg.o
                                         0x38 (size before relaxing)
 .eh_frame      0x000000000011d524       0x20 binaries/rfsopen.o
                                         0x38 (size before relaxing)
 .eh_frame      0x000000000011d544       0xc0 binaries/arp.o
                                         0xd8 (size before relaxing)
 .eh_frame      0x000000000011d604       0xa0 binaries/dhcp.o
                                         0xb8 (size before relaxing)
 .eh_frame      0x000000000011d6a4       0x80 binaries/dns.o
                                         0x98 (size before relaxing)
 .eh_frame      0x000000000011d724       0x20 binaries/dot2ip.o
                                         0x38 (size before relaxing)
 .eh_frame      0x000000000011d744       0x40 binaries/hexdump.o
                                         0x58 (size before relaxing)
 .eh_frame      0x000000000011d784      0x14c binaries/icmp.o
                                        0x164 (size before relaxing)
 .eh_frame      0x000000000011d8d0      0x11c binaries/ip.o
                                        0x134 (size before relaxing)
 .eh_frame      0x000000000011d9ec       0xa0 binaries/net.o
                                         0xb8 (size before relaxing)
 .eh_frame      0x000000000011da8c       0x60 binaries/pdump.o
                                         0x78 (size before relaxing)
 .eh_frame      0x000000000011daec       0x60 binaries/tftp.o
                                         0x78 (size before relaxing)
 .eh_frame      0x000000000011db4c      0x140 binaries/udp.o
                                        0x158 (size before relaxing)
 .eh_frame      0x000000000011dc8c       0x20 binaries/addargs.o
                                         0x38 (size before relaxing)
 .eh_frame      0x000000000011dcac       0x20 binaries/lexan.o
                                         0x38 (size before relaxing)
 .eh_frame      0x000000000011dccc       0x20 binaries/shell.o
                                         0x38 (size before relaxing)
 .eh_frame      0x000000000011dcec       0x20 binaries/xsh_argecho.o
                                         0x38 (size before relaxing)
 .eh_frame      0x000000000011dd0c       0x40 binaries/xsh_arp.o
                                         0x58 (size before relaxing)
 .eh_frame      0x000000000011dd4c       0x20 binaries/xsh_cat.o
                                         0x38 (size before relaxing)
 .eh_frame      0x000000000011dd6c       0x20 binaries/xsh_clear.o
                                         0x38 (size before relaxing)
 .eh_frame      0x000000000011dd8c       0x20 binaries/xsh_date.o
                                         0x38 (size before relaxing)
 .eh_frame      0x000000000011ddac       0x20 binaries/xsh_devdump.o
                                         0x38 (size before relaxing)
 .eh_frame      0x000000000011ddcc       0x20 binaries/xsh_echo.o
                                         0x38 (size before relaxing)
 .eh_frame      0x000000000011ddec       0x20 binaries/xsh_exit.o
                                         0x38 (size before relaxing)
 .eh_frame      0x000000000011de0c       0x20 binaries/xsh_help.o
                                         0x38 (size before relaxing)
 .eh_frame      0x000000000011de2c       0x20 binaries/xsh_kill.o
                                         0x38 (size before relaxing)
 .eh_frame      0x000000000011de4c       0x40 binaries/xsh_memdump.o
                                         0x58 (size before relaxing)
 .eh_frame      0x000000000011de8c       0x60 binaries/xsh_memstat.o
                                         0x78 (size before relaxing)
 .eh_frame      0x000000000011deec       0x30 binaries/xsh_netinfo.o
                                         0x48 (size before relaxing)
 .eh_frame      0x000000000011df1c       0x24 binaries/xsh_ping.o
                                         0x3c (size before relaxing)
 .eh_frame      0x000000000011df40       0x30 binaries/xsh_ps.o
                                         0x48 (size before relaxing)
 .eh_frame      0x000000000011df70       0x20 binaries/xsh_sleep.o
                                         0x38 (size before relaxing)
 .eh_frame      0x000000000011df90       0x20 binaries/xsh_udpdump.o
                                         0x38 (size before relaxing)
 .eh_frame      0x000000000011dfb0       0x30 binaries/xsh_udpecho.o
                                         0x48 (size before relaxing)
 .eh_frame      0x000000000011dfe0       0x24 binaries/xsh_udpserver.o
                                         0x3c (size before relaxing)
 .eh_frame      0x000000000011e004       0x20 binaries/xsh_uptime.o
                                         0x38 (size before relaxing)

.iplt           0x000000000011e030        0x0
 .iplt          0x000000000011e030        0x0 binaries/start.o

.rel.dyn        0x000000000011e024        0x0
 .rel.iplt      0x000000000011e024        0x0 binaries/start.o
 .rel.text      0x000000000011e024        0x0 binaries/start.o
 .rel.data      0x000000000011e024        0x0 binaries/start.o
 .rel.rodata    0x000000000011e024        0x0 binaries/start.o

.data           0x000000000011e040      0xfc0
                0x000000000011e040                data = ABSOLUTE (.)
 *(.data .data.*)
 .data          0x000000000011e040      0x460 binaries/start.o
                0x000000000011e040                gdt
                0x000000000011e080                gdtr
                0x000000000011e086                idt
                0x000000000011e486                idtr
                0x000000000011e48c                cpudelay
                0x000000000011e490                _bootdev
                0x000000000011e494                _cyloffset
 .data          0x000000000011e4a0        0x0 binaries/active_lock.o
 .data          0x000000000011e4a0       0x88 binaries/ascdate.o
                0x000000000011e4a0                Date
 .data          0x000000000011e528        0x0 binaries/bufinit.o
 .data          0x000000000011e528        0x0 binaries/chprio.o
 .data          0x000000000011e528        0x4 binaries/clkhandler.o
 .data          0x000000000011e52c        0x0 binaries/clkinit.o
 .data          0x000000000011e52c        0x0 binaries/close.o
 *fill*         0x000000000011e52c       0x14 
 .data          0x000000000011e540      0x5a0 binaries/conf.o
                0x000000000011e540                devtab
 .data          0x000000000011eae0        0x0 binaries/control.o
 .data          0x000000000011eae0        0x4 binaries/create.o
 *fill*         0x000000000011eae4       0x1c 
 .data          0x000000000011eb00       0x40 binaries/evec.o
                0x000000000011eb00                inames
 .data          0x000000000011eb40        0x0 binaries/exit.o
 .data          0x000000000011eb40        0x0 binaries/freebuf.o
 .data          0x000000000011eb40        0x0 binaries/freemem.o
 .data          0x000000000011eb40        0x0 binaries/getbuf.o
 .data          0x000000000011eb40        0x0 binaries/getc.o
 .data          0x000000000011eb40        0x0 binaries/getdev.o
 .data          0x000000000011eb40        0x0 binaries/getitem.o
 .data          0x000000000011eb40        0x0 binaries/getmem.o
[...]
 .comment       0x000000000000001d       0x1e binaries/net.o
 .comment       0x000000000000001d       0x1e binaries/pdump.o
 .comment       0x000000000000001d       0x1e binaries/tftp.o
 .comment       0x000000000000001d       0x1e binaries/udp.o
 .comment       0x000000000000001d       0x1e binaries/addargs.o
 .comment       0x000000000000001d       0x1e binaries/lexan.o
 .comment       0x000000000000001d       0x1e binaries/shell.o
 .comment       0x000000000000001d       0x1e binaries/xsh_argecho.o
 .comment       0x000000000000001d       0x1e binaries/xsh_arp.o
 .comment       0x000000000000001d       0x1e binaries/xsh_cat.o
 .comment       0x000000000000001d       0x1e binaries/xsh_clear.o
 .comment       0x000000000000001d       0x1e binaries/xsh_date.o
 .comment       0x000000000000001d       0x1e binaries/xsh_devdump.o
 .comment       0x000000000000001d       0x1e binaries/xsh_echo.o
 .comment       0x000000000000001d       0x1e binaries/xsh_exit.o
 .comment       0x000000000000001d       0x1e binaries/xsh_help.o
 .comment       0x000000000000001d       0x1e binaries/xsh_kill.o
 .comment       0x000000000000001d       0x1e binaries/xsh_memdump.o
 .comment       0x000000000000001d       0x1e binaries/xsh_memstat.o
 .comment       0x000000000000001d       0x1e binaries/xsh_netinfo.o
 .comment       0x000000000000001d       0x1e binaries/xsh_ping.o
 .comment       0x000000000000001d       0x1e binaries/xsh_ps.o
 .comment       0x000000000000001d       0x1e binaries/xsh_sleep.o
 .comment       0x000000000000001d       0x1e binaries/xsh_udpdump.o
 .comment       0x000000000000001d       0x1e binaries/xsh_udpecho.o
 .comment       0x000000000000001d       0x1e binaries/xsh_udpserver.o
 .comment       0x000000000000001d       0x1e binaries/xsh_uptime.o

.note.GNU-stack
                0x0000000000000000        0x0
 .note.GNU-stack
                0x0000000000000000        0x0 binaries/active_lock.o
 .note.GNU-stack
                0x0000000000000000        0x0 binaries/ascdate.o
 .note.GNU-stack
                0x0000000000000000        0x0 binaries/bufinit.o
 .note.GNU-stack
                0x0000000000000000        0x0 binaries/chprio.o
 .note.GNU-stack
                0x0000000000000000        0x0 binaries/clkhandler.o
 .note.GNU-stack
                0x0000000000000000        0x0 binaries/clkinit.o
 .note.GNU-stack
                0x0000000000000000        0x0 binaries/close.o
 .note.GNU-stack
                0x0000000000000000        0x0 binaries/conf.o
 .note.GNU-stack
                0x0000000000000000        0x0 binaries/control.o
 .note.GNU-stack
                0x0000000000000000        0x0 binaries/create.o
 .note.GNU-stack
                0x0000000000000000        0x0 binaries/evec.o
 .note.GNU-stack
                0x0000000000000000        0x0 binaries/exit.o
 .note.GNU-stack
                0x0000000000000000        0x0 binaries/freebuf.o
 .note.GNU-stack
                0x0000000000000000        0x0 binaries/freemem.o
 .note.GNU-stack
                0x0000000000000000        0x0 binaries/getbuf.o
 .note.GNU-stack
                0x0000000000000000        0x0 binaries/getc.o
 .note.GNU-stack
                0x0000000000000000        0x0 binaries/getdev.o
 .note.GNU-stack
                0x0000000000000000        0x0 binaries/getitem.o
 .note.GNU-stack
                0x0000000000000000        0x0 binaries/getmem.o
 .note.GNU-stack
                0x0000000000000000        0x0 binaries/getpid.o
 .note.GNU-stack
                0x0000000000000000        0x0 binaries/getprio.o
 .note.GNU-stack
                0x0000000000000000        0x0 binaries/getstk.o
 .note.GNU-stack
                0x0000000000000000        0x0 binaries/getticks.o
 .note.GNU-stack
                0x0000000000000000        0x0 binaries/gettime.o
 .note.GNU-stack
                0x0000000000000000        0x0 binaries/getutime.o
 .note.GNU-stack
                0x0000000000000000        0x0 binaries/i386.o
 .note.GNU-stack
                0x0000000000000000        0x0 binaries/init.o
 .note.GNU-stack
                0x0000000000000000        0x0 binaries/initialize.o
 .note.GNU-stack
                0x0000000000000000        0x0 binaries/insert.o
 .note.GNU-stack
                0x0000000000000000        0x0 binaries/insertd.o
 .note.GNU-stack
                0x0000000000000000        0x0 binaries/ioerr.o
 .note.GNU-stack
                0x0000000000000000        0x0 binaries/ionull.o
 .note.GNU-stack
                0x0000000000000000        0x0 binaries/kill.o
 .note.GNU-stack
                0x0000000000000000        0x0 binaries/kprintf.o
 .note.GNU-stack
                0x0000000000000000        0x0 binaries/lock.o
 .note.GNU-stack
                0x0000000000000000        0x0 binaries/main.o
 .note.GNU-stack
                0x0000000000000000        0x0 binaries/main-deadlock.o
 .note.GNU-stack
                0x0000000000000000        0x0 binaries/mark.o
 .note.GNU-stack
                0x0000000000000000        0x0 binaries/meminit.o
 .note.GNU-stack
                0x0000000000000000        0x0 binaries/mkbufpool.o
 .note.GNU-stack
                0x0000000000000000        0x0 binaries/newqueue.o
 .note.GNU-stack
                0x0000000000000000        0x0 binaries/open.o
 .note.GNU-stack
                0x0000000000000000        0x0 binaries/panic.o
 .note.GNU-stack
                0x0000000000000000        0x0 binaries/pci.o
 .note.GNU-stack
                0x0000000000000000        0x0 binaries/pi_lock.o
 .note.GNU-stack
                0x0000000000000000        0x0 binaries/ptclear.o
 .note.GNU-stack
                0x0000000000000000        0x0 binaries/ptcount.o
 .note.GNU-stack
                0x0000000000000000        0x0 binaries/ptcreate.o
 .note.GNU-stack
                0x0000000000000000        0x0 binaries/ptdelete.o
 .note.GNU-stack
                0x0000000000000000        0x0 binaries/ptinit.o
 .note.GNU-stack
                0x0000000000000000        0x0 binaries/ptrecv.o
 .note.GNU-stack
                0x0000000000000000        0x0 binaries/ptreset.o
 .note.GNU-stack
                0x0000000000000000        0x0 binaries/ptsend.o
 .note.GNU-stack
                0x0000000000000000        0x0 binaries/putc.o
 .note.GNU-stack
                0x0000000000000000        0x0 binaries/queue.o
 .note.GNU-stack
                0x0000000000000000        0x0 binaries/read.o
 .note.GNU-stack
                0x0000000000000000        0x0 binaries/ready.o
 .note.GNU-stack
                0x0000000000000000        0x0 binaries/receive.o
 .note.GNU-stack
                0x0000000000000000        0x0 binaries/recvclr.o
 .note.GNU-stack
                0x0000000000000000        0x0 binaries/recvtime.o
 .note.GNU-stack
                0x0000000000000000        0x0 binaries/resched.o
 .note.GNU-stack
                0x0000000000000000        0x0 binaries/resume.o
 .note.GNU-stack
                0x0000000000000000        0x0 binaries/seek.o
 .note.GNU-stack
                0x0000000000000000        0x0 binaries/semcount.o
 .note.GNU-stack
                0x0000000000000000        0x0 binaries/semcreate.o
 .note.GNU-stack
                0x0000000000000000        0x0 binaries/semdelete.o
 .note.GNU-stack
                0x0000000000000000        0x0 binaries/semreset.o
 .note.GNU-stack
                0x0000000000000000        0x0 binaries/send.o
 .note.GNU-stack
                0x0000000000000000        0x0 binaries/signal.o
 .note.GNU-stack
                0x0000000000000000        0x0 binaries/signaln.o
 .note.GNU-stack
                0x0000000000000000        0x0 binaries/sleep.o
 .note.GNU-stack
                0x0000000000000000        0x0 binaries/spinlock.o
 .note.GNU-stack
                0x0000000000000000        0x0 binaries/stacktrace.o
 .note.GNU-stack
                0x0000000000000000        0x0 binaries/suspend.o
 .note.GNU-stack
                0x0000000000000000        0x0 binaries/unsleep.o
 .note.GNU-stack
                0x0000000000000000        0x0 binaries/userret.o
 .note.GNU-stack
                0x0000000000000000        0x0 binaries/wait.o
 .note.GNU-stack
                0x0000000000000000        0x0 binaries/wakeup.o
 .note.GNU-stack
                0x0000000000000000        0x0 binaries/write.o
 .note.GNU-stack
                0x0000000000000000        0x0 binaries/xdone.o
 .note.GNU-stack
                0x0000000000000000        0x0 binaries/yield.o
 .note.GNU-stack
                0x0000000000000000        0x0 binaries/abs.o
 .note.GNU-stack
                0x0000000000000000        0x0 binaries/atoi.o
 .note.GNU-stack
                0x0000000000000000        0x0 binaries/atol.o
 .note.GNU-stack
                0x0000000000000000        0x0 binaries/bzero.o
 .note.GNU-stack
                0x0000000000000000        0x0 binaries/ctype_.o
 .note.GNU-stack
                0x0000000000000000        0x0 binaries/doprnt.o
 .note.GNU-stack
                0x0000000000000000        0x0 binaries/doscan.o
 .note.GNU-stack
                0x0000000000000000        0x0 binaries/fdoprnt.o
 .note.GNU-stack
                0x0000000000000000        0x0 binaries/fgetc.o
 .note.GNU-stack
                0x0000000000000000        0x0 binaries/fgets.o
 .note.GNU-stack
                0x0000000000000000        0x0 binaries/fprintf.o
 .note.GNU-stack
                0x0000000000000000        0x0 binaries/fputc.o
 .note.GNU-stack
                0x0000000000000000        0x0 binaries/fputs.o
 .note.GNU-stack
                0x0000000000000000        0x0 binaries/fscanf.o
 .note.GNU-stack
                0x0000000000000000        0x0 binaries/getchar.o
 .note.GNU-stack
                0x0000000000000000        0x0 binaries/labs.o
 .note.GNU-stack
                0x0000000000000000        0x0 binaries/memchr.o
 .note.GNU-stack
                0x0000000000000000        0x0 binaries/memcmp.o
 .note.GNU-stack
                0x0000000000000000        0x0 binaries/memcpy.o
 .note.GNU-stack
                0x0000000000000000        0x0 binaries/memset.o
 .note.GNU-stack
                0x0000000000000000        0x0 binaries/printf.o
 .note.GNU-stack
                0x0000000000000000        0x0 binaries/putchar.o
 .note.GNU-stack
                0x0000000000000000        0x0 binaries/qsort.o
 .note.GNU-stack
                0x0000000000000000        0x0 binaries/rand.o
 .note.GNU-stack
                0x0000000000000000        0x0 binaries/sprintf.o
 .note.GNU-stack
                0x0000000000000000        0x0 binaries/sscanf.o
 .note.GNU-stack
                0x0000000000000000        0x0 binaries/strchr.o
 .note.GNU-stack
                0x0000000000000000        0x0 binaries/strcmp.o
 .note.GNU-stack
                0x0000000000000000        0x0 binaries/strcpy.o
 .note.GNU-stack
                0x0000000000000000        0x0 binaries/strlen.o
 .note.GNU-stack
                0x0000000000000000        0x0 binaries/strncat.o
 .note.GNU-stack
                0x0000000000000000        0x0 binaries/strncmp.o
 .note.GNU-stack
                0x0000000000000000        0x0 binaries/strncpy.o
 .note.GNU-stack
                0x0000000000000000        0x0 binaries/strnlen.o
 .note.GNU-stack
                0x0000000000000000        0x0 binaries/strrchr.o
 .note.GNU-stack
                0x0000000000000000        0x0 binaries/strstr.o
 .note.GNU-stack
                0x0000000000000000        0x0 binaries/ttycontrol.o
 .note.GNU-stack
                0x0000000000000000        0x0 binaries/ttygetc.o
 .note.GNU-stack
                0x0000000000000000        0x0 binaries/ttyhandle_in.o
 .note.GNU-stack
                0x0000000000000000        0x0 binaries/ttyhandle_out.o
 .note.GNU-stack
                0x0000000000000000        0x0 binaries/ttyhandler.o
 .note.GNU-stack
                0x0000000000000000        0x0 binaries/ttyinit.o
 .note.GNU-stack
                0x0000000000000000        0x0 binaries/ttykickout.o
 .note.GNU-stack
                0x0000000000000000        0x0 binaries/ttyputc.o
 .note.GNU-stack
                0x0000000000000000        0x0 binaries/ttyread.o
 .note.GNU-stack
                0x0000000000000000        0x0 binaries/ttywrite.o
 .note.GNU-stack
                0x0000000000000000        0x0 binaries/mount.o
 .note.GNU-stack
                0x0000000000000000        0x0 binaries/naminit.o
 .note.GNU-stack
                0x0000000000000000        0x0 binaries/nammap.o
 .note.GNU-stack
                0x0000000000000000        0x0 binaries/namopen.o
 .note.GNU-stack
                0x0000000000000000        0x0 binaries/82545EMInit.o
 .note.GNU-stack
                0x0000000000000000        0x0 binaries/ethcontrol.o
 .note.GNU-stack
                0x0000000000000000        0x0 binaries/ethhandler.o
 .note.GNU-stack
                0x0000000000000000        0x0 binaries/ethinit.o
 .note.GNU-stack
                0x0000000000000000        0x0 binaries/ethread.o
 .note.GNU-stack
                0x0000000000000000        0x0 binaries/ethwrite.o
 .note.GNU-stack
                0x0000000000000000        0x0 binaries/rdsbufalloc.o
 .note.GNU-stack
                0x0000000000000000        0x0 binaries/rdsclose.o
 .note.GNU-stack
                0x0000000000000000        0x0 binaries/rdscomm.o
 .note.GNU-stack
                0x0000000000000000        0x0 binaries/rdscontrol.o
 .note.GNU-stack
                0x0000000000000000        0x0 binaries/rdsinit.o
 .note.GNU-stack
                0x0000000000000000        0x0 binaries/rdsopen.o
 .note.GNU-stack
                0x0000000000000000        0x0 binaries/rdsprocess.o
 .note.GNU-stack
                0x0000000000000000        0x0 binaries/rdsread.o
 .note.GNU-stack
                0x0000000000000000        0x0 binaries/rdswrite.o
 .note.GNU-stack
                0x0000000000000000        0x0 binaries/ramclose.o
 .note.GNU-stack
                0x0000000000000000        0x0 binaries/raminit.o
 .note.GNU-stack
                0x0000000000000000        0x0 binaries/ramopen.o
 .note.GNU-stack
                0x0000000000000000        0x0 binaries/ramread.o
 .note.GNU-stack
                0x0000000000000000        0x0 binaries/ramwrite.o
 .note.GNU-stack
                0x0000000000000000        0x0 binaries/lfdballoc.o
 .note.GNU-stack
                0x0000000000000000        0x0 binaries/lfdbfree.o
 .note.GNU-stack
                0x0000000000000000        0x0 binaries/lfflush.o
 .note.GNU-stack
                0x0000000000000000        0x0 binaries/lfgetmode.o
 .note.GNU-stack
                0x0000000000000000        0x0 binaries/lfiballoc.o
 .note.GNU-stack
                0x0000000000000000        0x0 binaries/lfibclear.o
 .note.GNU-stack
                0x0000000000000000        0x0 binaries/lfibget.o
 .note.GNU-stack
                0x0000000000000000        0x0 binaries/lfibput.o
 .note.GNU-stack
                0x0000000000000000        0x0 binaries/lflclose.o
 .note.GNU-stack
                0x0000000000000000        0x0 binaries/lflcontrol.o
 .note.GNU-stack
                0x0000000000000000        0x0 binaries/lflgetc.o
 .note.GNU-stack
                0x0000000000000000        0x0 binaries/lflinit.o
 .note.GNU-stack
                0x0000000000000000        0x0 binaries/lflputc.o
 .note.GNU-stack
                0x0000000000000000        0x0 binaries/lflread.o
 .note.GNU-stack
                0x0000000000000000        0x0 binaries/lflseek.o
 .note.GNU-stack
                0x0000000000000000        0x0 binaries/lflwrite.o
 .note.GNU-stack
                0x0000000000000000        0x0 binaries/lfscheck.o
 .note.GNU-stack
                0x0000000000000000        0x0 binaries/lfsckfmt.o
 .note.GNU-stack
                0x0000000000000000        0x0 binaries/lfscreate.o
 .note.GNU-stack
                0x0000000000000000        0x0 binaries/lfsetup.o
 .note.GNU-stack
                0x0000000000000000        0x0 binaries/lfsinit.o
 .note.GNU-stack
                0x0000000000000000        0x0 binaries/lfsopen.o
 .note.GNU-stack
                0x0000000000000000        0x0 binaries/lftruncate.o
 .note.GNU-stack
                0x0000000000000000        0x0 binaries/rflclose.o
 .note.GNU-stack
                0x0000000000000000        0x0 binaries/rflgetc.o
 .note.GNU-stack
                0x0000000000000000        0x0 binaries/rflinit.o
 .note.GNU-stack
                0x0000000000000000        0x0 binaries/rflputc.o
 .note.GNU-stack
                0x0000000000000000        0x0 binaries/rflread.o
 .note.GNU-stack
                0x0000000000000000        0x0 binaries/rflseek.o
 .note.GNU-stack
                0x0000000000000000        0x0 binaries/rflwrite.o
 .note.GNU-stack
                0x0000000000000000        0x0 binaries/rfscomm.o
 .note.GNU-stack
                0x0000000000000000        0x0 binaries/rfscontrol.o
 .note.GNU-stack
                0x0000000000000000        0x0 binaries/rfsgetmode.o
 .note.GNU-stack
                0x0000000000000000        0x0 binaries/rfsinit.o
 .note.GNU-stack
                0x0000000000000000        0x0 binaries/rfsndmsg.o
 .note.GNU-stack
                0x0000000000000000        0x0 binaries/rfsopen.o
 .note.GNU-stack
                0x0000000000000000        0x0 binaries/arp.o
 .note.GNU-stack
                0x0000000000000000        0x0 binaries/dhcp.o
 .note.GNU-stack
                0x0000000000000000        0x0 binaries/dns.o
 .note.GNU-stack
                0x0000000000000000        0x0 binaries/dot2ip.o
 .note.GNU-stack
                0x0000000000000000        0x0 binaries/hexdump.o
 .note.GNU-stack
                0x0000000000000000        0x0 binaries/icmp.o
 .note.GNU-stack
                0x0000000000000000        0x0 binaries/ip.o
 .note.GNU-stack
                0x0000000000000000        0x0 binaries/net.o
 .note.GNU-stack
                0x0000000000000000        0x0 binaries/pdump.o
 .note.GNU-stack
                0x0000000000000000        0x0 binaries/tftp.o
 .note.GNU-stack
                0x0000000000000000        0x0 binaries/udp.o
 .note.GNU-stack
                0x0000000000000000        0x0 binaries/addargs.o
 .note.GNU-stack
                0x0000000000000000        0x0 binaries/lexan.o
 .note.GNU-stack
                0x0000000000000000        0x0 binaries/shell.o
 .note.GNU-stack
                0x0000000000000000        0x0 binaries/xsh_argecho.o
 .note.GNU-stack
                0x0000000000000000        0x0 binaries/xsh_arp.o
 .note.GNU-stack
                0x0000000000000000        0x0 binaries/xsh_cat.o
 .note.GNU-stack
                0x0000000000000000        0x0 binaries/xsh_clear.o
 .note.GNU-stack
                0x0000000000000000        0x0 binaries/xsh_date.o
 .note.GNU-stack
                0x0000000000000000        0x0 binaries/xsh_devdump.o
 .note.GNU-stack
                0x0000000000000000        0x0 binaries/xsh_echo.o
 .note.GNU-stack
                0x0000000000000000        0x0 binaries/xsh_exit.o
 .note.GNU-stack
                0x0000000000000000        0x0 binaries/xsh_help.o
 .note.GNU-stack
                0x0000000000000000        0x0 binaries/xsh_kill.o
 .note.GNU-stack
                0x0000000000000000        0x0 binaries/xsh_memdump.o
 .note.GNU-stack
                0x0000000000000000        0x0 binaries/xsh_memstat.o
 .note.GNU-stack
                0x0000000000000000        0x0 binaries/xsh_netinfo.o
 .note.GNU-stack
                0x0000000000000000        0x0 binaries/xsh_ping.o
 .note.GNU-stack
                0x0000000000000000        0x0 binaries/xsh_ps.o
 .note.GNU-stack
                0x0000000000000000        0x0 binaries/xsh_sleep.o
 .note.GNU-stack
                0x0000000000000000        0x0 binaries/xsh_udpdump.o
 .note.GNU-stack
                0x0000000000000000        0x0 binaries/xsh_udpecho.o
 .note.GNU-stack
                0x0000000000000000        0x0 binaries/xsh_udpserver.o
 .note.GNU-stack
                0x0000000000000000        0x0 binaries/xsh_uptime.o
